Mono path[0] = '/Users/sapnagoel/Documents/coding/Game/Builds/macOS/HerosSidekick.app/Contents/Resources/Data/Managed'
Mono config path = '/Users/sapnagoel/Documents/coding/Game/Builds/macOS/HerosSidekick.app/Contents/MonoBleedingEdge/etc'
Input System module state changed to: Initialized.
[Physics::Module] Initialized fallback backend.
[Physics::Module] Id: 0xdecafbad
Initialize engine version: 6000.3.25f1 (e1dba0a9aba4)
[Subsystems] Discovering subsystems at path /Users/sapnagoel/Documents/coding/Game/Builds/macOS/HerosSidekick.app/Contents/Resources/Data/UnitySubsystems
GfxDevice: creating device client; kGfxThreadingModeThreaded
 preferred device: Apple M1 (high power)
Metal devices available: 1
0: Apple M1 (high power)
Using device Apple M1 (high power)
Initializing Metal device caps: Apple M1
Mac GPU Family: 2
Apple GPU Family: 7
MSL Version: 3.0
Has Float MSAA: 1
Has Float Filtering: 1
ReadWrite Texture Tier: 2
Begin MonoManager ReloadAssembly
- Loaded All Assemblies, in  0.230 seconds
- Finished resetting the current domain, in  0.017 seconds
[Physics::Module] Selected backend.
[Physics::Module] Name: PhysX
[Physics::Module] Id: 0xf2b8ea05
[Physics::Module] SDK Version: 4.1.2
[Physics::Module] Integration Version: 1.0.0
[Physics::Module] Threading Mode: Multi-Threaded
UnloadTime: 1.508041 ms
[Flow] Opening t=2.6s stage=S0
[Flow] Chapter t=2.6s stage=S0
[Flow] Camp t=76.0s stage=S0
[Flow] Duel t=91.8s stage=S1
[Flow] End t=142.9s stage=S1
[Flow] outcome won
Thread 0x16d5cf000 may have been prematurely finalized
[Physics::Module] Cleanup current backend.
[Physics::Module] Id: 0xf2b8ea05
Input System module state changed to: ShutdownInProgress.
Input System polling thread exited.
Input System module state changed to: Shutdown.
Thread 0x16c2eb000 may have been prematurely finalized
Thread 0x16c377000 may have been prematurely finalized
Thread 0x16c48f000 may have been prematurely finalized
Thread 0x16c633000 may have been prematurely finalized
Thread 0x16c51b000 may have been prematurely finalized
Thread 0x16c5a7000 may have been prematurely finalized
Thread 0x16c403000 may have been prematurely finalized
